// Bun Snapshot v1, https://goo.gl/fbAQLP

exports[`HTTPLister integration tests should return 200 for /__actions 1`] = `"{"actions":{"hi":{"description":null,"sse":false,"input":null,"output":null}}}"`;

exports[`HTTPLister integration tests should return 200 for /__actions/hi 1`] = `""ok""`;
