// Bun Snapshot v1, https://goo.gl/fbAQLP

exports[`serves actions: headers response 1`] = `
{
  "content-length": "185",
  "content-type": "application/json;charset=utf-8",
  "date": "Sat, 18 Jan 2025 02:53:44 GMT",
  "x-actioman-version": "v1.0.0",
  "x-powered-by": "Actioman",
}
`;

exports[`serves actions: body response 1`] = `
{
  "actions": {
    "hello": {
      "description": "foo",
      "input": {
        "additionalProperties": false,
        "properties": {
          "name": {
            "type": "string",
          },
        },
        "required": [
          "name",
        ],
        "type": "object",
      },
      "output": {
        "type": "string",
      },
    },
    "hi": {
      "description": null,
      "input": null,
      "output": null,
    },
  },
}
`;
